CREATE EXTENSION ddlx;
\pset tuples_only
\dx ddlx
 ddlx | 0.30    | public | DDL eXtractor functions

